[INFO] Scanning for projects...
[INFO] 
[INFO] -----------------------< com.leucine:equipment >------------------------
[INFO] Building equipment 0.0.1-SNAPSHOT
[INFO]   from pom.xml
[INFO] --------------------------------[ jar ]---------------------------------
